Error: Failed to parse code to AST. Returning None for AST.
Error: Failed to parse code to AST. Returning default value: nan
Error: Failed to parse code to AST. Returning default value: nan
Error: Failed to tokenize code. Returning None for tokens.
Error: Failed to tokenize code. Returning None for keywords.
Error: Failed to calculate Radon metrics. Returning None.
Error: Failed to parse code to AST.
Error: Failed to parse code to AST. Returning None for AST.
Error: Failed to parse code to AST. Returning default value: nan
Error: Failed to parse code to AST. Returning default value: nan
Error: Failed to tokenize code. Returning None for tokens.
Error: Failed to tokenize code. Returning None for keywords.
Error: Failed to calculate Radon metrics. Returning None.
Error: Failed to parse code to AST.
Error: Failed to parse code to AST. Returning None for AST.
Error: Failed to parse code to AST. Returning default value: nan
Error: Failed to parse code to AST. Returning default value: nan
Error: Failed to tokenize code. Returning None for tokens.
Error: Failed to tokenize code. Returning None for keywords.
Error: Failed to calculate Radon metrics. Returning None.
Error: Failed to parse code to AST.
Error: Failed to parse code to AST. Returning None for AST.
Error: Failed to parse code to AST. Returning default value: nan
Error: Failed to parse code to AST. Returning default value: nan
Error: Failed to parse code to AST.
Error: Failed to parse code to AST. Returning None for AST.
Error: Failed to parse code to AST. Returning default value: nan
Error: Failed to parse code to AST. Returning default value: nan
Error: Failed to parse code to AST.
Error: Failed to parse code to AST. Returning None for AST.
Error: Failed to parse code to AST. Returning default value: nan
Error: Failed to parse code to AST. Returning default value: nan
Error: Failed to parse code to AST.
Error: Failed to parse code to AST. Returning None for AST.
Error: Failed to parse code to AST. Returning default value: nan
Error: Failed to parse code to AST. Returning default value: nan
Error: Failed to parse code to AST.
Error: Failed to parse code to AST. Returning None for AST.
Error: Failed to parse code to AST. Returning default value: nan
Error: Failed to parse code to AST. Returning default value: nan
Error: Failed to parse code to AST.
Error: Failed to parse code to AST. Returning None for AST.
Error: Failed to parse code to AST. Returning default value: nan
Error: Failed to parse code to AST. Returning default value: nan
Error: Failed to parse code to AST. Returning None for AST.
Error: Failed to parse code to AST. Returning default value: nan
Error: Failed to parse code to AST. Returning default value: nan
Error: Failed to parse code to AST.
Error: Failed to parse code to AST. Returning None for AST.
Error: Failed to parse code to AST. Returning default value: nan
Error: Failed to parse code to AST. Returning default value: nan
Error: Failed to parse code to AST.
Error: Failed to parse code to AST. Returning None for AST.
Error: Failed to parse code to AST. Returning default value: nan
Error: Failed to parse code to AST. Returning default value: nan
Error: Failed to tokenize code. Returning None for tokens.
Error: Failed to tokenize code. Returning None for keywords.
Error: Failed to calculate Radon metrics. Returning None.
Error: Failed to parse code to AST.
Error: Failed to parse code to AST. Returning None for AST.
Error: Failed to parse code to AST. Returning default value: nan
Error: Failed to parse code to AST. Returning default value: nan
Error: Failed to tokenize code. Returning None for tokens.
Error: Failed to tokenize code. Returning None for keywords.
Error: Failed to calculate Radon metrics. Returning None.
Error: Failed to parse code to AST.
Error: Failed to parse code to AST. Returning None for AST.
Error: Failed to parse code to AST. Returning default value: nan
Error: Failed to parse code to AST. Returning default value: nan
Error: Failed to tokenize code. Returning None for tokens.
Error: Failed to tokenize code. Returning None for keywords.
Error: Failed to calculate Radon metrics. Returning None.
Error: Failed to parse code to AST.
Error: Failed to parse code to AST. Returning None for AST.
Error: Failed to parse code to AST. Returning default value: nan
Error: Failed to parse code to AST. Returning default value: nan
Error: Failed to tokenize code. Returning None for tokens.
Error: Failed to tokenize code. Returning None for keywords.
Error: Failed to calculate Radon metrics. Returning None.
Error: Failed to parse code to AST.
Error: Failed to parse code to AST. Returning None for AST.
Error: Failed to parse code to AST. Returning default value: nan
Error: Failed to parse code to AST. Returning default value: nan
Error: Failed to tokenize code. Returning None for tokens.
Error: Failed to tokenize code. Returning None for keywords.
Error: Failed to calculate Radon metrics. Returning None.
Error: Failed to parse code to AST.
Error: Failed to parse code to AST. Returning None for AST.
Error: Failed to parse code to AST. Returning default value: nan
Error: Failed to parse code to AST. Returning default value: nan
Error: Failed to tokenize code. Returning None for tokens.
Error: Failed to tokenize code. Returning None for keywords.
Error: Failed to calculate Radon metrics. Returning None.
Error: Failed to parse code to AST.
Error: Failed to parse code to AST. Returning None for AST.
Error: Failed to parse code to AST. Returning default value: nan
Error: Failed to parse code to AST. Returning default value: nan
Error: Failed to parse code to AST.
Error: Failed to parse code to AST. Returning None for AST.
Error: Failed to parse code to AST. Returning default value: nan
Error: Failed to parse code to AST. Returning default value: nan
Error: Failed to parse code to AST.
Error: Failed to parse code to AST. Returning None for AST.
Error: Failed to parse code to AST. Returning default value: nan
Error: Failed to parse code to AST. Returning default value: nan
Error: Failed to parse code to AST.
Error: Failed to parse code to AST. Returning None for AST.
Error: Failed to parse code to AST. Returning default value: nan
Error: Failed to parse code to AST. Returning default value: nan
Error: Failed to parse code to AST.
Error: Failed to parse code to AST. Returning None for AST.
Error: Failed to parse code to AST. Returning default value: nan
Error: Failed to parse code to AST. Returning default value: nan
Error: Failed to tokenize code. Returning None for tokens.
Error: Failed to tokenize code. Returning None for keywords.
Error: Failed to calculate Radon metrics. Returning None.
Error: Failed to parse code to AST.
Error: Failed to parse code to AST. Returning None for AST.
Error: Failed to parse code to AST. Returning default value: nan
Error: Failed to parse code to AST. Returning default value: nan
Error: Failed to tokenize code. Returning None for tokens.
Error: Failed to tokenize code. Returning None for keywords.
Error: Failed to calculate Radon metrics. Returning None.
Error: Failed to parse code to AST.
Error: Failed to parse code to AST. Returning None for AST.
Error: Failed to parse code to AST. Returning default value: nan
Error: Failed to parse code to AST. Returning default value: nan
Error: Failed to tokenize code. Returning None for tokens.
Error: Failed to tokenize code. Returning None for keywords.
Error: Failed to calculate Radon metrics. Returning None.
Error: Failed to parse code to AST.
Error: Failed to parse code to AST. Returning None for AST.
Error: Failed to parse code to AST. Returning default value: nan
Error: Failed to parse code to AST. Returning default value: nan
Error: Failed to tokenize code. Returning None for tokens.
Error: Failed to tokenize code. Returning None for keywords.
Error: Failed to calculate Radon metrics. Returning None.
Error: Failed to parse code to AST.
Error: Failed to parse code to AST. Returning None for AST.
Error: Failed to parse code to AST. Returning default value: nan
Error: Failed to parse code to AST. Returning default value: nan
Error: Failed to parse code to AST.
Error: Failed to parse code to AST. Returning None for AST.
Error: Failed to parse code to AST. Returning default value: nan
Error: Failed to parse code to AST. Returning default value: nan
Error: Failed to parse code to AST.
Error: Failed to parse code to AST. Returning None for AST.
Error: Failed to parse code to AST. Returning default value: nan
Error: Failed to parse code to AST. Returning default value: nan
Error: Failed to parse code to AST.
Error: Failed to parse code to AST. Returning None for AST.
Error: Failed to parse code to AST. Returning default value: nan
Error: Failed to parse code to AST. Returning default value: nan
Error: Failed to parse code to AST.
Error: Failed to parse code to AST. Returning None for AST.
Error: Failed to parse code to AST. Returning default value: nan
Error: Failed to parse code to AST. Returning default value: nan
Error: Failed to parse code to AST.
Error: Failed to parse code to AST. Returning None for AST.
Error: Failed to parse code to AST. Returning default value: nan
Error: Failed to parse code to AST. Returning default value: nan
Error: Failed to parse code to AST.
Error: Failed to parse code to AST. Returning None for AST.
Error: Failed to parse code to AST. Returning default value: nan
Error: Failed to parse code to AST. Returning default value: nan
Error: Failed to parse code to AST.
Error: Failed to parse code to AST. Returning None for AST.
Error: Failed to parse code to AST. Returning default value: nan
Error: Failed to parse code to AST. Returning default value: nan
Error: Failed to parse code to AST.
Error: Failed to parse code to AST. Returning None for AST.
Error: Failed to parse code to AST. Returning default value: nan
Error: Failed to parse code to AST. Returning default value: nan
Error: Failed to parse code to AST.
Error: Failed to parse code to AST. Returning None for AST.
Error: Failed to parse code to AST. Returning default value: nan
Error: Failed to parse code to AST. Returning default value: nan
Error: Failed to parse code to AST.
